 db.products.find({})
[
  {
    _id: ObjectId("6524f2ac56c5604580f5f919"),
    id: '1',
    product_name: 'Intelligent Fresh Chips',
    product_price: 655,
    product_material: 'Concrete',
    product_color: 'mint green'
  },
  {
    _id: ObjectId("6524f2ac56c5604580f5f91a"),
    id: '2',
    product_name: 'Practical Fresh Sausages',
    product_price: 911,
    product_material: 'Cotton',
    product_color: 'indigo'
  },
  {
    _id: ObjectId("6524f2ac56c5604580f5f91b"),
    id: '3',
    product_name: 'Refined Steel Car',
    product_price: 690,
    product_material: 'Rubber',
    product_color: 'gold'
  },
  {
    _id: ObjectId("6524f2ac56c5604580f5f91c"),
    id: '4',
    product_name: 'Gorgeous Plastic Pants',
    product_price: 492,
    product_material: 'Soft',
    product_color: 'plum'
  },
  {
    _id: ObjectId("6524f2ac56c5604580f5f91d"),
    id: '5',
    product_name: 'Sleek Cotton Chair',
    product_price: 33,
    product_material: 'Fresh',
    product_color: 'black'
  },
  {
    _id: ObjectId("6524f2ac56c5604580f5f91e"),
    id: '6',
    product_name: 'Awesome Wooden Towels',
    product_price: 474,
    product_material: 'Plastic',
    product_color: 'orange'
  },
  {
    _id: ObjectId("6524f2ac56c5604580f5f91f"),
    id: '7',
    product_name: 'Practical Soft Shoes',
    product_price: 500,
    product_material: 'Rubber',
    product_color: 'pink'
  },
  {
    _id: ObjectId("6524f2ac56c5604580f5f920"),
    id: '8',
    product_name: 'Incredible Steel Hat',
    product_price: 78,
    product_material: 'Rubber',
    product_color: 'violet'
  },
  {
    _id: ObjectId("6524f2ac56c5604580f5f921"),
    id: '9',
    product_name: 'Awesome Wooden Ball',
    product_price: 28,
    product_material: 'Soft',
    product_color: 'azure'
  },
  {
    _id: ObjectId("6524f2ac56c5604580f5f922"),
    id: '10',
    product_name: 'Generic Wooden Pizza',
    product_price: 84,
    product_material: 'Frozen',
    product_color: 'indigo'
  },
  {
    _id: ObjectId("6524f2ac56c5604580f5f923"),
    id: '11',
    product_name: 'Unbranded Wooden Cheese',
    product_price: 26,
    product_material: 'Soft',
    product_color: 'black'
  },
  {
    _id: ObjectId("6524f2ac56c5604580f5f924"),
    id: '12',
    product_name: 'Unbranded Plastic Salad',
    product_price: 89,
    product_material: 'Wooden',
    product_color: 'pink'
  },
  {
    _id: ObjectId("6524f2ac56c5604580f5f925"),
    id: '13',
    product_name: 'Gorgeous Cotton Keyboard',
    product_price: 37,
    product_material: 'Concrete',
    product_color: 'sky blue'
  },
  {
    _id: ObjectId("6524f2ac56c5604580f5f926"),
    id: '14',
    product_name: 'Incredible Steel Shirt',
    product_price: 54,
    product_material: 'Metal',
    product_color: 'white'
  },
  {
    _id: ObjectId("6524f2ac56c5604580f5f927"),
    id: '15',
    product_name: 'Ergonomic Cotton Hat',
    product_price: 43,
    product_material: 'Rubber',
    product_color: 'mint green'
  },
  {
    _id: ObjectId("6524f2ac56c5604580f5f928"),
    id: '16',
    product_name: 'Small Soft Chair',
    product_price: 47,
    product_material: 'Cotton',
    product_color: 'teal'
  },
  {
    _id: ObjectId("6524f2ac56c5604580f5f929"),
    id: '17',
    product_name: 'Incredible Metal Car',
    product_price: 36,
    product_material: 'Fresh',
    product_color: 'indigo'
  },
  {
    _id: ObjectId("6524f2ac56c5604580f5f92a"),
    id: '18',
    product_name: 'Licensed Plastic Bacon',
    product_price: 88,
    product_material: 'Steel',
    product_color: 'yellow'
  },
  {
    _id: ObjectId("6524f2ac56c5604580f5f92b"),
    id: '19',
    product_name: 'Intelligent Cotton Chips',
    product_price: 46,
    product_material: 'Soft',
    product_color: 'azure'
  },
  {
    _id: ObjectId("6524f2ac56c5604580f5f92c"),
    id: '20',
    product_name: 'Handcrafted Wooden Bacon',
    product_price: 36,
    product_material: 'Concrete',
    product_color: 'lime'
  }
]
Type "it" for more
guvitasks> it
[
  {
    _id: ObjectId("6524f2ac56c5604580f5f92d"),
    id: '21',
    product_name: 'Unbranded Granite Chicken',
    product_price: 90,
    product_material: 'Metal',
    product_color: 'gold'
  },
  {
    _id: ObjectId("6524f2ac56c5604580f5f92e"),
    id: '22',
    product_name: 'Ergonomic Soft Hat',
    product_price: 99,
    product_material: 'Rubber',
    product_color: 'black'
  },
  {
    _id: ObjectId("6524f2ac56c5604580f5f92f"),
    id: '23',
    product_name: 'Intelligent Steel Pizza',
    product_price: 95,
    product_material: 'Cotton',
    product_color: 'azure'
  },
  {
    _id: ObjectId("6524f2ac56c5604580f5f930"),
    id: '24',
    product_name: 'Tasty Rubber Cheese',
    product_price: 47,
    product_material: 'Frozen',
    product_color: 'orchid'
  },
  {
    _id: ObjectId("6524f2ac56c5604580f5f931"),
    id: '25',
    product_name: 'Licensed Steel Car',
    product_price: 20,
    product_material: 'Cotton',
    product_color: 'indigo'
  }
]
guvitasks> db.products.find({price:{$gte:400,$lte:800}})

guvitasks> db.products.find({product_price:{$gte:400,$lte:800}})
[
  {
    _id: ObjectId("6524f2ac56c5604580f5f919"),
    id: '1',
    product_name: 'Intelligent Fresh Chips',
    product_price: 655,
    product_material: 'Concrete',
    product_color: 'mint green'
  },
  {
    _id: ObjectId("6524f2ac56c5604580f5f91b"),
    id: '3',
    product_name: 'Refined Steel Car',
    product_price: 690,
    product_material: 'Rubber',
    product_color: 'gold'
  },
  {
    _id: ObjectId("6524f2ac56c5604580f5f91c"),
    id: '4',
    product_name: 'Gorgeous Plastic Pants',
    product_price: 492,
    product_material: 'Soft',
    product_color: 'plum'
  },
  {
    _id: ObjectId("6524f2ac56c5604580f5f91e"),
    id: '6',
    product_name: 'Awesome Wooden Towels',
    product_price: 474,
    product_material: 'Plastic',
    product_color: 'orange'
  },
  {
    _id: ObjectId("6524f2ac56c5604580f5f91f"),
    id: '7',
    product_name: 'Practical Soft Shoes',
    product_price: 500,
    product_material: 'Rubber',
    product_color: 'pink'
  }
]
guvitasks> db.Products.find({product_price:{$lt:400,$gt:600}})

guvitasks> db.products.find({product_price:{$lt:400,$gt:600}})

guvitasks> db.products.find({product_price:{$lt:400,$gt:600}})

guvitasks> db.products.find()
[
  {
    _id: ObjectId("6524f2ac56c5604580f5f919"),
    id: '1',
    product_name: 'Intelligent Fresh Chips',
    product_price: 655,
    product_material: 'Concrete',
    product_color: 'mint green'
  },
  {
    _id: ObjectId("6524f2ac56c5604580f5f91a"),
    id: '2',
    product_name: 'Practical Fresh Sausages',
    product_price: 911,
    product_material: 'Cotton',
    product_color: 'indigo'
  },
  {
    _id: ObjectId("6524f2ac56c5604580f5f91b"),
    id: '3',
    product_name: 'Refined Steel Car',
    product_price: 690,
    product_material: 'Rubber',
    product_color: 'gold'
  },
  {
    _id: ObjectId("6524f2ac56c5604580f5f91c"),
    id: '4',
    product_name: 'Gorgeous Plastic Pants',
    product_price: 492,
    product_material: 'Soft',
    product_color: 'plum'
  },
  {
    _id: ObjectId("6524f2ac56c5604580f5f91d"),
    id: '5',
    product_name: 'Sleek Cotton Chair',
    product_price: 33,
    product_material: 'Fresh',
    product_color: 'black'
  },
  {
    _id: ObjectId("6524f2ac56c5604580f5f91e"),
    id: '6',
    product_name: 'Awesome Wooden Towels',
    product_price: 474,
    product_material: 'Plastic',
    product_color: 'orange'
  },
  {
    _id: ObjectId("6524f2ac56c5604580f5f91f"),
    id: '7',
    product_name: 'Practical Soft Shoes',
    product_price: 500,
    product_material: 'Rubber',
    product_color: 'pink'
  },
  {
    _id: ObjectId("6524f2ac56c5604580f5f920"),
    id: '8',
    product_name: 'Incredible Steel Hat',
    product_price: 78,
    product_material: 'Rubber',
    product_color: 'violet'
  },
  {
    _id: ObjectId("6524f2ac56c5604580f5f921"),
    id: '9',
    product_name: 'Awesome Wooden Ball',
    product_price: 28,
    product_material: 'Soft',
    product_color: 'azure'
  },
  {
    _id: ObjectId("6524f2ac56c5604580f5f922"),
    id: '10',
    product_name: 'Generic Wooden Pizza',
    product_price: 84,
    product_material: 'Frozen',
    product_color: 'indigo'
  },
  {
    _id: ObjectId("6524f2ac56c5604580f5f923"),
    id: '11',
    product_name: 'Unbranded Wooden Cheese',
    product_price: 26,
    product_material: 'Soft',
    product_color: 'black'
  },
  {
    _id: ObjectId("6524f2ac56c5604580f5f924"),
    id: '12',
    product_name: 'Unbranded Plastic Salad',
    product_price: 89,
    product_material: 'Wooden',
    product_color: 'pink'
  },
  {
    _id: ObjectId("6524f2ac56c5604580f5f925"),
    id: '13',
    product_name: 'Gorgeous Cotton Keyboard',
    product_price: 37,
    product_material: 'Concrete',
    product_color: 'sky blue'
  },
  {
    _id: ObjectId("6524f2ac56c5604580f5f926"),
    id: '14',
    product_name: 'Incredible Steel Shirt',
    product_price: 54,
    product_material: 'Metal',
    product_color: 'white'
  },
  {
    _id: ObjectId("6524f2ac56c5604580f5f927"),
    id: '15',
    product_name: 'Ergonomic Cotton Hat',
    product_price: 43,
    product_material: 'Rubber',
    product_color: 'mint green'
  },
  {
    _id: ObjectId("6524f2ac56c5604580f5f928"),
    id: '16',
    product_name: 'Small Soft Chair',
    product_price: 47,
    product_material: 'Cotton',
    product_color: 'teal'
  },
  {
    _id: ObjectId("6524f2ac56c5604580f5f929"),
    id: '17',
    product_name: 'Incredible Metal Car',
    product_price: 36,
    product_material: 'Fresh',
    product_color: 'indigo'
  },
  {
    _id: ObjectId("6524f2ac56c5604580f5f92a"),
    id: '18',
    product_name: 'Licensed Plastic Bacon',
    product_price: 88,
    product_material: 'Steel',
    product_color: 'yellow'
  },
  {
    _id: ObjectId("6524f2ac56c5604580f5f92b"),
    id: '19',
    product_name: 'Intelligent Cotton Chips',
    product_price: 46,
    product_material: 'Soft',
    product_color: 'azure'
  },
  {
    _id: ObjectId("6524f2ac56c5604580f5f92c"),
    id: '20',
    product_name: 'Handcrafted Wooden Bacon',
    product_price: 36,
    product_material: 'Concrete',
    product_color: 'lime'
  }
]
Type "it" for more
guvitasks> db.products.find({$or:{product_price{$lt:400,$gt:600}})
Uncaught:
SyntaxError: Unexpected token, expected "," (1:36)

> 1 | db.products.find({$or:{product_price{$lt:400,$gt:600}})
    |                                     ^
  2 |

guvitasks> db.products.find({$or:{product_price:{$lt:400,$gt:600}})
Uncaught:
SyntaxError: Unexpected token, expected "," (1:55)

> 1 | db.products.find({$or:{product_price:{$lt:400,$gt:600}})
    |                                                        ^
  2 |

guvitasks> db.products.find({$or:[{"product_price":{$lt:400}},{"product_price":{$gt:600}}]})
[
  {
    _id: ObjectId("6524f2ac56c5604580f5f919"),
    id: '1',
    product_name: 'Intelligent Fresh Chips',
    product_price: 655,
    product_material: 'Concrete',
    product_color: 'mint green'
  },
  {
    _id: ObjectId("6524f2ac56c5604580f5f91a"),
    id: '2',
    product_name: 'Practical Fresh Sausages',
    product_price: 911,
    product_material: 'Cotton',
    product_color: 'indigo'
  },
  {
    _id: ObjectId("6524f2ac56c5604580f5f91b"),
    id: '3',
    product_name: 'Refined Steel Car',
    product_price: 690,
    product_material: 'Rubber',
    product_color: 'gold'
  },
  {
    _id: ObjectId("6524f2ac56c5604580f5f91d"),
    id: '5',
    product_name: 'Sleek Cotton Chair',
    product_price: 33,
    product_material: 'Fresh',
    product_color: 'black'
  },
  {
    _id: ObjectId("6524f2ac56c5604580f5f920"),
    id: '8',
    product_name: 'Incredible Steel Hat',
    product_price: 78,
    product_material: 'Rubber',
    product_color: 'violet'
  },
  {
    _id: ObjectId("6524f2ac56c5604580f5f921"),
    id: '9',
    product_name: 'Awesome Wooden Ball',
    product_price: 28,
    product_material: 'Soft',
    product_color: 'azure'
  },
  {
    _id: ObjectId("6524f2ac56c5604580f5f922"),
    id: '10',
    product_name: 'Generic Wooden Pizza',
    product_price: 84,
    product_material: 'Frozen',
    product_color: 'indigo'
  },
  {
    _id: ObjectId("6524f2ac56c5604580f5f923"),
    id: '11',
    product_name: 'Unbranded Wooden Cheese',
    product_price: 26,
    product_material: 'Soft',
    product_color: 'black'
  },
  {
    _id: ObjectId("6524f2ac56c5604580f5f924"),
    id: '12',
    product_name: 'Unbranded Plastic Salad',
    product_price: 89,
    product_material: 'Wooden',
    product_color: 'pink'
  },
  {
    _id: ObjectId("6524f2ac56c5604580f5f925"),
    id: '13',
    product_name: 'Gorgeous Cotton Keyboard',
    product_price: 37,
    product_material: 'Concrete',
    product_color: 'sky blue'
  },
  {
    _id: ObjectId("6524f2ac56c5604580f5f926"),
    id: '14',
    product_name: 'Incredible Steel Shirt',
    product_price: 54,
    product_material: 'Metal',
    product_color: 'white'
  },
  {
    _id: ObjectId("6524f2ac56c5604580f5f927"),
    id: '15',
    product_name: 'Ergonomic Cotton Hat',
    product_price: 43,
    product_material: 'Rubber',
    product_color: 'mint green'
  },
  {
    _id: ObjectId("6524f2ac56c5604580f5f928"),
    id: '16',
    product_name: 'Small Soft Chair',
    product_price: 47,
    product_material: 'Cotton',
    product_color: 'teal'
  },
  {
    _id: ObjectId("6524f2ac56c5604580f5f929"),
    id: '17',
    product_name: 'Incredible Metal Car',
    product_price: 36,
    product_material: 'Fresh',
    product_color: 'indigo'
  },
  {
    _id: ObjectId("6524f2ac56c5604580f5f92a"),
    id: '18',
    product_name: 'Licensed Plastic Bacon',
    product_price: 88,
    product_material: 'Steel',
    product_color: 'yellow'
  },
  {
    _id: ObjectId("6524f2ac56c5604580f5f92b"),
   



1. Find all the information about each products 
 

 db.products.find({}, { _id: 0 }); 

 

2. Find the product price which are between 400 to 800 


 db.products.find({product_price:{$gt:400,$lt:800}}) 

 

3. Find the product price which are not between 400 to 600 
 
db.products.find({$or:[{"product_price":{$lt:400}},{"product_price":{$gt:600}}]})

 

4. List the four product which are grater than 500 in price 


 db.products.find({product_price:{$gt:400}}).limit(4)  

 

5. Find the product name and product material of each products 



 db.products.find({},{product_name:1,product_material:1,_id:0}) 

 

6. Find the product with a row id of 10 



 db.products.find({id:"10"}) 

 

7. Find only the product name and product material 


 db.products.find({},{product_name:1,product_material:1,_id:0}) 

 

 

8. Find all products which contain the value of soft in product material  

 

db.products.find({product_material:"Soft"}) 

 

9. Find products which contain product color indigo  and product price 492.00 



 db.products.find({$and: [{ product_color: "indigo",product_price: 492.00}]}) 

 

10. Delete the products which product price value are same 


 db.products.aggregate([{$group:{_id:"$product_price",count: {$sum: 1}}},{$match:{count:{"$gt":1}}}]) 

db.products.remove({"product_price":36}) 

db.products.remove({"product_price":47}) 
